lbtaclan@mmsu.edu.ph
rrantemano@mmsu.edu.ph
gctampol@mmsu.edu.ph
zhyrellecarlapebenito@gmail.com
abad.maerose@gmail.com
ahpagaling@mmsu.edu.ph
aglagazo@mmsu.edu.ph
jabiding@mmsu.edu.ph
mmjohunna0506@gmail.com
sibayan25000037@mymail.mmsu.edu.ph
frolivas@mmsu.edu.ph
tesuarez@mmsu.edu.ph
rgbatuyong@mmsu.edu.ph
sssoto@mmsu.edu.ph
kristineghenbacnat@gmail.com
ionaadrielecharis.valez@gmail.com
sydneyscarlette3@gmail.com
felinaannejayleen21@gmail.com
youseflawal@gmail.com
abuanmarienelleanne@gmail.com
fhrankagtarap@gmail.com
kristineviaringay@gmail.com
austriachristeljoy5@gmail.com
czeanbalinong@gmail.com
bmarcellelouise13@gmail.com
lienzbarruga@gmail.com
cathryncabarrubias478@gmail.com
krizettecharm123@gmail.com
calivososcarhlette552@gmail.com
jessamagbualcallangan@gmail.com
caluyachieann@gmail.com
mikylajein@gmail.com
hannahacostacariaga@gmail.com
ysabelcaroy@gmail.com
sheilagaoirancatuday@gmail.com
jmierianmarievclemente@gmail.com
gjmiedomine@gmail.com
eharleyulysses@gmail.com
jamesechiverri@gmail.com
r.patrice1122@gmail.com
galangmariel01@gmail.com
joygalarcepearl@gmail.com
altheagaoaten@gmail.com
guillermodessa01@gmail.com
guiyabjohnandrei@gmail.com
imsharie97@gmail.com
phylliciamanibog@gmail.com
czarinamanrique@gmail.com
johunna0506@yahoo.com
cathnajorda@gmail.com
keiapagdilao@gmail.com
pebenitozhyrelle@gmail.com
neilderickvp@gmail.com
ruthpingao@gmail.com
prudencianojasminv@gmail.com
josaquitasol12@gmail.com
anaregacho35@gmail.com
rigateslorienel@gmail.com
keeshatadena3@gmail.com
izykatet@gmail.com
francynnaathea09@gmail.com
vanogloryb@gmail.com
jeanalynvertido10@gmail.com
iammightysam1729@gmail.com
jamaicaablazo2004@gmail.com
ioannacastillo21@gmail.com
karlmelakeiza@gmail.com
arnelparangipang345@gmail.com
alimpiaezekiel@gmail.com
pagalingjerichoc@gmail.com
alexsandramaedumali78@gmail.com
